$ node ./scripts/run-playwright.mjs test -c playwright.ts.config.ts --workers=2

Running 35 tests using 2 workers

  ✓   1 [chromium] › tests/e2e-ts/studio-ts.spec.ts:25:1 › owner setup, editing, AI proposal accept, search, and deep links (6.4s)
  ✓   2 [chromium] › tests/e2e-ts/studio_content.spec.ts:86:5 › #276 content acceptance › Inspector tabs stay contained and its disclosure recovers across breakpoints (634ms)
  ✓   4 [chromium] › tests/e2e-ts/studio_content.spec.ts:145:5 › #276 content acceptance › accepted proposal leaves narrative prose in the editor and the saved document (2.7s)
  ✓   3 [chromium] › tests/e2e-ts/studio-ts.spec.ts:130:1 › owner login issues novel_engine cookies and the editor renders the real error envelope (7.1s)
  ✓   5 [chromium] › tests/e2e-ts/studio_content.spec.ts:170:5 › #276 content acceptance › exports download as byte-faithful markdown and structurally valid docx and epub (4.7s)
  ✓   6 [chromium] › tests/e2e-ts/studio-ts.spec.ts:202:1 › History loads bounded revision pages and keeps keyboard retry state (1.1s)
  ✓   8 [chromium] › tests/e2e-ts/theme_selection.spec.ts:91:5 › theme selection workflow › dark OS emulation renders every surface dark through entry, login, library, and studio (741ms)
  ✓   9 [chromium] › tests/e2e-ts/theme_selection.spec.ts:144:5 › theme selection workflow › dark lock wins over a light OS and survives reload (298ms)
  ✓  10 [chromium] › tests/e2e-ts/theme_selection.spec.ts:169:5 › theme selection workflow › light lock renders light under a dark OS with the attribute set before first paint (282ms)
  ✓  11 [chromium] › tests/e2e-ts/theme_selection.spec.ts:215:5 › theme selection workflow › returning to system removes the lock and follows OS flips live (308ms)
  ✓   7 [chromium] › tests/e2e-ts/studio_content.spec.ts:249:5 › #276 content acceptance › deleting a project removes its export directory and every store row (2.2s)
  ✓  13 [chromium] › tests/e2e-ts/workflows/studio_content_search.spec.ts:74:5 › #276 content acceptance — search and envelopes › search reduces operators to literals; conflicts and csrf answer the unified envelope (2.2s)
  ✓  14 [chromium] › tests/e2e-ts/workflows/studio_diagnostics_export.spec.ts:105:5 › #654 diagnostics export workflow › Settings exports diagnostics as a local JSON file with every configured secret absent (257ms)
  ✓  12 [chromium] › tests/e2e-ts/whole_book.spec.ts:49:5 › #318 whole-book generation loop › confirms, then auto-accepts chapters in reading order and preserves them after a stop (8.1s)
  ✓  16 [chromium] › tests/e2e-ts/workflows/studio_lorebook_wizard.spec.ts:91:5 › #652 lorebook initialization wizard workflow › confirmed candidates land as draft lore entries after a routed alias-write failure retries clean (1.0s)
  ✓  17 [chromium] › tests/e2e-ts/workflows/studio_lorebook_wizard.spec.ts:220:5 › #652 lorebook initialization wizard workflow › abandoning a second run discards its candidates and leaves the lorebook unchanged (316ms)
  ✓  15 [chromium] › tests/e2e-ts/workflows/studio_failure_isolation.spec.ts:56:5 › #467 failure isolation and lazy hydration › one blocked resource fails alone: shell, document, review, and export keep the others usable (4.8s)
  ✓  19 [chromium] › tests/e2e-ts/workflows/studio_failure_isolation.spec.ts:191:5 › #467 failure isolation and lazy hydration › tab roving, busy naming, and whole-book Stop survive lazy hydration (4.5s)
  ✓  18 [chromium] › tests/e2e-ts/workflows/studio_reorder.spec.ts:59:5 › #467 navigator reorder › move commands reorder chapters in the navigator with busy naming and persistence (6.9s)
  ✓  20 [chromium] › tests/e2e-ts/workflows/studio_failure_isolation.spec.ts:285:5 › #467 failure isolation and lazy hydration › review and export request isolation across direct navigation and Back/Forward (2.4s)
  ✓  22 [chromium] › tests/e2e-ts/workflows/studio_failure_isolation.spec.ts:329:5 › #467 failure isolation and lazy hydration › beat link and clear commands restore focus to the beat catalog select (4.2s)
  ✓  21 [chromium] › tests/e2e-ts/workflows/studio_reorder.spec.ts:131:5 › #467 navigator reorder › API volume placement and order project the navigator shell (6.0s)
  ✓  23 [chromium] › tests/e2e-ts/workflows/studio_review_export.spec.ts:44:5 › #467 review and export workflows › review runs through the mock provider with busy naming and never requests exports (3.0s)
  ✓  25 [chromium] › tests/e2e-ts/workflows/studio_review_export.spec.ts:98:5 › #467 review and export workflows › export failure renders a panel-local Retry that recovers without blanking other surfaces (2.4s)
  ✓  24 [chromium] › tests/e2e-ts/workflows/studio_row_commands.spec.ts:82:5 › #481 navigator row commands › delete confirms, cancels, falls back selection, and moves focus to a survivor (6.2s)
  ✓  26 [chromium] › tests/e2e-ts/workflows/studio_review_export.spec.ts:152:5 › #467 review and export workflows › export Load older terminal page lands focus on the history heading (2.3s)
  ✓  27 [chromium] › tests/e2e-ts/workflows/studio_row_commands.spec.ts:111:5 › #481 navigator row commands › delete surfaces a snapshot-conflict refusal inline and recovers on retry (6.2s)
  ✓  28 [chromium] › tests/e2e-ts/workflows/studio_switch.spec.ts:44:5 › #467 project switch › switching projects rescues the pending Draft once with no late save crossing (6.9s)
  ✓  30 [chromium] › tests/e2e-ts/workflows/studio_usage.spec.ts:104:5 › studio usage browser contract › renders empty usage, then mirrors generated server totals and daily rows (2.5s)
  ✓  29 [chromium] › tests/e2e-ts/workflows/studio_row_commands.spec.ts:148:5 › #481 navigator row commands › volume placement moves the chapter between navigator groups and persists (6.9s)
  ✓  31 [chromium] › tests/e2e-ts/workflows/studio_usage.spec.ts:170:5 › studio usage browser contract › keeps prior usage through a 503 and restores refresh focus after recovery (2.4s)
  ✓  33 [chromium] › tests/e2e-ts/workflows/studio_usage.spec.ts:228:5 › studio usage browser contract › drops stale project A usage while navigating to zero-usage project B (2.8s)
  ✓  32 [chromium] › tests/e2e-ts/workflows/studio_row_commands.spec.ts:230:5 › #481 navigator row commands › volume placement surfaces a capacity refusal inline and retries into the target (6.0s)
  ✓  34 [chromium] › tests/e2e-ts/workflows/studio_writing_stats.spec.ts:103:5 › #653 writing stats workflow › attributes author writing and an accepted proposal across the stats tab (2.5s)
  ✓  35 [chromium] › tests/e2e-ts/workflows/studio_writing_stats.spec.ts:214:5 › #653 writing stats workflow › renders the defined zero states for a project with no writing (376ms)

  35 passed (1.2m)
