DEPRECATED: The legacy builder is deprecated and will be removed in a future release.
            Install the buildx component to build images with BuildKit:
            https://docs.docker.com/go/buildx/

Sending build context to Docker daemon  20.98MB
Step 1/30 : FROM node:24-bookworm-slim AS build
 ---> 2fe369e96955
Step 2/30 : WORKDIR /app
 ---> Using cache
 ---> dd7b1c9bd2b9
Step 3/30 : RUN corepack enable
 ---> Using cache
 ---> 0d542f6b56da
Step 4/30 : COPY package.json pnpm-workspace.yaml pnpm-lock.yaml ./
 ---> Using cache
 ---> fe5b01420a3e
Step 5/30 : COPY frontend/package.json ./frontend/package.json
 ---> Using cache
 ---> 1a9216458f7b
Step 6/30 : COPY server/package.json ./server/package.json
 ---> Using cache
 ---> c787e66a75fb
Step 7/30 : RUN pnpm install --frozen-lockfile
 ---> Using cache
 ---> b70fb7a19705
Step 8/30 : COPY frontend ./frontend
 ---> Using cache
 ---> bdbcad35528b
Step 9/30 : COPY server ./server
 ---> f4f1ef599127
Step 10/30 : RUN pnpm --dir frontend build && pnpm --dir server build
 ---> Running in 47ffb1d9fbab
[91m$ vite build && node scripts/check-build-identity.mjs
[0mvite v8.2.2 building client environment for production...
transforming...
✓ 2080 modules transformed.
rendering chunks...
computing gzip size...
dist/index.html                                                      2.44 kB │ gzip:   1.05 kB
dist/assets/ibm-plex-sans-vietnamese-wght-normal-Dg1JeJN0.woff2     13.16 kB
dist/assets/ibm-plex-sans-greek-wght-normal-CmyJS8uq.woff2          19.50 kB
dist/assets/ibm-plex-sans-cyrillic-ext-wght-normal-d45eAU9y.woff2   23.56 kB
dist/assets/ibm-plex-sans-cyrillic-wght-normal-BAAhND-U.woff2       29.51 kB
dist/assets/ibm-plex-sans-latin-ext-wght-normal-CIII54If.woff2      30.96 kB
dist/assets/ibm-plex-sans-latin-wght-normal-IvpUvPa2.woff2          45.71 kB
dist/assets/index-DE8x6k7s.css                                      40.78 kB │ gzip:   7.37 kB
dist/assets/MarkdownEditor-cVO52tmc.js                               7.55 kB │ gzip:   2.98 kB
dist/assets/dist-CfW1HieG.js                                        20.82 kB │ gzip:   7.04 kB
dist/assets/dist-BtKjq9YY.js                                        29.00 kB │ gzip:   9.51 kB
dist/assets/dist-BsDtBo2R.js                                        48.97 kB │ gzip:  16.33 kB
dist/assets/dist-BT1z_k_-.js                                        49.22 kB │ gzip:  16.92 kB
dist/assets/dist-BaE1Wntn.js                                       199.78 kB │ gzip:  64.47 kB
dist/assets/dist-Bl-MOTjP.js                                       216.75 kB │ gzip:  82.53 kB
dist/assets/index-XI9EfHEg.js                                      620.98 kB │ gzip: 180.19 kB

[91m[plugin builtin:vite-reporter] 
(!) Some chunks are larger than 500 kB after minification. Consider:
- Using dynamic import() to code-split the application
- Use build.rolldownOptions.output.codeSplitting to improve chunking: https://rolldown.rs/reference/OutputOptions.codeSplitting
- Adjust chunk size limit for this warning via build.chunkSizeWarningLimit.
[0m✓ built in 464ms
[build-identity] Novel Engine 0.8.0 verified in HTML and 8 JavaScript bundles
[91m$ tsc -p tsconfig.build.json
[0m ---> Removed intermediate container 47ffb1d9fbab
 ---> e7eeeabca017
Step 11/30 : FROM node:24-bookworm-slim AS runtime
 ---> 2fe369e96955
Step 12/30 : WORKDIR /app
 ---> Using cache
 ---> dd7b1c9bd2b9
Step 13/30 : ENV NODE_ENV=production     APP_ENVIRONMENT=production     DB_URL=sqlite:///./data/novel-engine.sqlite3
 ---> Using cache
 ---> c8f5c5fa5031
Step 14/30 : RUN corepack enable
 ---> Using cache
 ---> 3e5b84fae0e4
Step 15/30 : COPY package.json pnpm-workspace.yaml pnpm-lock.yaml ./
 ---> Using cache
 ---> dbeb8fb6600e
Step 16/30 : COPY frontend/package.json ./frontend/package.json
 ---> Using cache
 ---> 94c8f171d17d
Step 17/30 : COPY server/package.json ./server/package.json
 ---> Using cache
 ---> 4757edaa8b0b
Step 18/30 : RUN pnpm install --frozen-lockfile --prod --filter novel-engine-server...     && rm -rf /root/.cache
 ---> Using cache
 ---> 361b3beae480
Step 19/30 : COPY --from=build /app/frontend/dist ./frontend/dist
 ---> Using cache
 ---> d6a156c94e8e
Step 20/30 : COPY --from=build /app/server/dist ./server/dist
 ---> 6ecdd771944d
Step 21/30 : COPY server/drizzle.config.ts ./server/drizzle.config.ts
 ---> fd9c2f772088
Step 22/30 : COPY server/drizzle ./server/drizzle
 ---> 721a55d1f11e
Step 23/30 : COPY LICENSE README.md ./
 ---> bb77d24a7096
Step 24/30 : COPY docker/entrypoint.sh ./docker/entrypoint.sh
 ---> 5e4bc1a0a0bf
Step 25/30 : RUN chmod 0755 ./docker/entrypoint.sh && mkdir -p /app/data && chown -R node:node /app/data
 ---> Running in b54b488c59cf
 ---> Removed intermediate container b54b488c59cf
 ---> 081f12865b61
Step 26/30 : EXPOSE 8000
 ---> Running in 891be5f32fcb
 ---> Removed intermediate container 891be5f32fcb
 ---> 54feab5dba40
Step 27/30 : USER node
 ---> Running in e081e3710006
 ---> Removed intermediate container e081e3710006
 ---> 3ccac0b46170
Step 28/30 : ENTRYPOINT ["/app/docker/entrypoint.sh"]
 ---> Running in b79948e1c011
 ---> Removed intermediate container b79948e1c011
 ---> bf7d0d1da2ad
Step 29/30 : CMD ["node", "server/dist/apps/cli/main.js", "serve", "--host", "0.0.0.0", "--port", "8000"]
 ---> Running in 7a1cfddbe032
 ---> Removed intermediate container 7a1cfddbe032
 ---> 9455d18d4b7e
Step 30/30 : LABEL org.opencontainers.image.revision=7c155bf44a4299a25310c98f76241e3c6f953682
 ---> Running in b3cd3f861d54
 ---> Removed intermediate container b3cd3f861d54
 ---> c0fcfcb275a5
Successfully built c0fcfcb275a5
Successfully tagged novel-engine-acp-audit:final
