$ vite build && node scripts/check-build-identity.mjs
vite v8.2.2 building client environment for production...
transforming...
✓ 2080 modules transformed.
rendering chunks...
computing gzip size...
dist/index.html                                                      2.44 kB │ gzip:   1.05 kB
dist/assets/ibm-plex-sans-vietnamese-wght-normal-Dg1JeJN0.woff2     13.16 kB
dist/assets/ibm-plex-sans-greek-wght-normal-CmyJS8uq.woff2          19.50 kB
dist/assets/ibm-plex-sans-cyrillic-ext-wght-normal-d45eAU9y.woff2   23.56 kB
dist/assets/ibm-plex-sans-cyrillic-wght-normal-BAAhND-U.woff2       29.51 kB
dist/assets/ibm-plex-sans-latin-ext-wght-normal-CIII54If.woff2      30.96 kB
dist/assets/ibm-plex-sans-latin-wght-normal-IvpUvPa2.woff2          45.71 kB
dist/assets/index-DE8x6k7s.css                                      40.78 kB │ gzip:   7.37 kB
dist/assets/MarkdownEditor-cVO52tmc.js                               7.55 kB │ gzip:   2.98 kB
dist/assets/dist-CfW1HieG.js                                        20.82 kB │ gzip:   7.04 kB
dist/assets/dist-BtKjq9YY.js                                        29.00 kB │ gzip:   9.51 kB
dist/assets/dist-BsDtBo2R.js                                        48.97 kB │ gzip:  16.33 kB
dist/assets/dist-BT1z_k_-.js                                        49.22 kB │ gzip:  16.92 kB
dist/assets/dist-BaE1Wntn.js                                       199.78 kB │ gzip:  64.47 kB
dist/assets/dist-Bl-MOTjP.js                                       216.75 kB │ gzip:  82.53 kB
dist/assets/index-XI9EfHEg.js                                      620.98 kB │ gzip: 180.19 kB

✓ built in 274ms
[plugin builtin:vite-reporter] 
(!) Some chunks are larger than 500 kB after minification. Consider:
- Using dynamic import() to code-split the application
- Use build.rolldownOptions.output.codeSplitting to improve chunking: https://rolldown.rs/reference/OutputOptions.codeSplitting
- Adjust chunk size limit for this warning via build.chunkSizeWarningLimit.
[build-identity] Novel Engine 0.8.0 verified in HTML and 8 JavaScript bundles
